2026-09-01 20:07:20,556 - data_preprocessing - DEBUG - Data loaded properly
2026-09-01 20:07:20,557 - data_preprocessing - DEBUG - Starting preprocessing for DataFrame
2026-09-01 20:07:20,564 - data_preprocessing - DEBUG - Target column encoded
2026-09-01 20:07:20,586 - data_preprocessing - DEBUG - Duplicates removed
2026-09-01 20:07:20,602 - data_preprocessing - ERROR - Error during text normalization: 
**********************************************************************
  Resource 'punkt_tab' not found.
  Please use the NLTK Downloader to obtain the resource:

  >>> import nltk
  >>> nltk.download('punkt_tab')

  For more information see: https://www.nltk.org/data.html

  Attempted to load 'tokenizers/punkt_tab/english/'

  Searched in:
    - 'C:\\Users\\imdka/nltk_data'
    - 'C:\\Users\\imdka\\AppData\\Local\\Programs\\Python\\Python313\\nltk_data'
    - 'C:\\Users\\imdka\\AppData\\Local\\Programs\\Python\\Python313\\share\\nltk_data'
    - 'C:\\Users\\imdka\\AppData\\Local\\Programs\\Python\\Python313\\lib\\nltk_data'
    - 'C:\\Users\\imdka\\AppData\\Roaming\\nltk_data'
    - 'C:\\nltk_data'
    - 'D:\\nltk_data'
    - 'E:\\nltk_data'
**********************************************************************

2026-09-01 20:07:20,603 - data_preprocessing - ERROR - Failed to complete the data transformation process: 
**********************************************************************
  Resource 'punkt_tab' not found.
  Please use the NLTK Downloader to obtain the resource:

  >>> import nltk
  >>> nltk.download('punkt_tab')

  For more information see: https://www.nltk.org/data.html

  Attempted to load 'tokenizers/punkt_tab/english/'

  Searched in:
    - 'C:\\Users\\imdka/nltk_data'
    - 'C:\\Users\\imdka\\AppData\\Local\\Programs\\Python\\Python313\\nltk_data'
    - 'C:\\Users\\imdka\\AppData\\Local\\Programs\\Python\\Python313\\share\\nltk_data'
    - 'C:\\Users\\imdka\\AppData\\Local\\Programs\\Python\\Python313\\lib\\nltk_data'
    - 'C:\\Users\\imdka\\AppData\\Roaming\\nltk_data'
    - 'C:\\nltk_data'
    - 'D:\\nltk_data'
    - 'E:\\nltk_data'
**********************************************************************

2026-09-01 20:09:44,699 - data_preprocessing - DEBUG - Data loaded properly
2026-09-01 20:09:44,700 - data_preprocessing - DEBUG - Starting preprocessing for DataFrame
2026-09-01 20:09:44,703 - data_preprocessing - DEBUG - Target column encoded
2026-09-01 20:09:44,706 - data_preprocessing - DEBUG - Duplicates removed
2026-09-01 20:09:44,711 - data_preprocessing - ERROR - Error during text normalization: 
**********************************************************************
  Resource 'punkt_tab' not found.
  Please use the NLTK Downloader to obtain the resource:

  >>> import nltk
  >>> nltk.download('punkt_tab')

  For more information see: https://www.nltk.org/data.html

  Attempted to load 'tokenizers/punkt_tab/english/'

  Searched in:
    - 'C:\\Users\\imdka/nltk_data'
    - 'C:\\Users\\imdka\\AppData\\Local\\Programs\\Python\\Python313\\nltk_data'
    - 'C:\\Users\\imdka\\AppData\\Local\\Programs\\Python\\Python313\\share\\nltk_data'
    - 'C:\\Users\\imdka\\AppData\\Local\\Programs\\Python\\Python313\\lib\\nltk_data'
    - 'C:\\Users\\imdka\\AppData\\Roaming\\nltk_data'
    - 'C:\\nltk_data'
    - 'D:\\nltk_data'
    - 'E:\\nltk_data'
**********************************************************************

2026-09-01 20:09:44,712 - data_preprocessing - ERROR - Failed to complete the data transformation process: 
**********************************************************************
  Resource 'punkt_tab' not found.
  Please use the NLTK Downloader to obtain the resource:

  >>> import nltk
  >>> nltk.download('punkt_tab')

  For more information see: https://www.nltk.org/data.html

  Attempted to load 'tokenizers/punkt_tab/english/'

  Searched in:
    - 'C:\\Users\\imdka/nltk_data'
    - 'C:\\Users\\imdka\\AppData\\Local\\Programs\\Python\\Python313\\nltk_data'
    - 'C:\\Users\\imdka\\AppData\\Local\\Programs\\Python\\Python313\\share\\nltk_data'
    - 'C:\\Users\\imdka\\AppData\\Local\\Programs\\Python\\Python313\\lib\\nltk_data'
    - 'C:\\Users\\imdka\\AppData\\Roaming\\nltk_data'
    - 'C:\\nltk_data'
    - 'D:\\nltk_data'
    - 'E:\\nltk_data'
**********************************************************************

2026-09-01 20:12:22,151 - data_preprocessing - DEBUG - Data loaded properly
2026-09-01 20:12:22,152 - data_preprocessing - DEBUG - Starting preprocessing for DataFrame
2026-09-01 20:12:22,155 - data_preprocessing - DEBUG - Target column encoded
2026-09-01 20:12:22,162 - data_preprocessing - DEBUG - Duplicates removed
2026-09-01 20:12:22,171 - data_preprocessing - ERROR - Error during text normalization: 
**********************************************************************
  Resource 'punkt_tab' not found.
  Please use the NLTK Downloader to obtain the resource:

  >>> import nltk
  >>> nltk.download('punkt_tab')

  For more information see: https://www.nltk.org/data.html

  Attempted to load 'tokenizers/punkt_tab/english/'

  Searched in:
    - 'C:\\Users\\imdka/nltk_data'
    - 'C:\\Users\\imdka\\AppData\\Local\\Programs\\Python\\Python313\\nltk_data'
    - 'C:\\Users\\imdka\\AppData\\Local\\Programs\\Python\\Python313\\share\\nltk_data'
    - 'C:\\Users\\imdka\\AppData\\Local\\Programs\\Python\\Python313\\lib\\nltk_data'
    - 'C:\\Users\\imdka\\AppData\\Roaming\\nltk_data'
    - 'C:\\nltk_data'
    - 'D:\\nltk_data'
    - 'E:\\nltk_data'
**********************************************************************

2026-09-01 20:12:22,171 - data_preprocessing - ERROR - Failed to complete the data transformation process: 
**********************************************************************
  Resource 'punkt_tab' not found.
  Please use the NLTK Downloader to obtain the resource:

  >>> import nltk
  >>> nltk.download('punkt_tab')

  For more information see: https://www.nltk.org/data.html

  Attempted to load 'tokenizers/punkt_tab/english/'

  Searched in:
    - 'C:\\Users\\imdka/nltk_data'
    - 'C:\\Users\\imdka\\AppData\\Local\\Programs\\Python\\Python313\\nltk_data'
    - 'C:\\Users\\imdka\\AppData\\Local\\Programs\\Python\\Python313\\share\\nltk_data'
    - 'C:\\Users\\imdka\\AppData\\Local\\Programs\\Python\\Python313\\lib\\nltk_data'
    - 'C:\\Users\\imdka\\AppData\\Roaming\\nltk_data'
    - 'C:\\nltk_data'
    - 'D:\\nltk_data'
    - 'E:\\nltk_data'
**********************************************************************

2026-09-01 20:14:22,353 - data_preprocessing - DEBUG - Data loaded properly
2026-09-01 20:14:22,353 - data_preprocessing - DEBUG - Starting preprocessing for DataFrame
2026-09-01 20:14:22,355 - data_preprocessing - DEBUG - Target column encoded
2026-09-01 20:14:22,357 - data_preprocessing - DEBUG - Duplicates removed
2026-09-01 20:15:11,457 - data_preprocessing - DEBUG - Text column transformed
2026-09-01 20:15:11,457 - data_preprocessing - DEBUG - Starting preprocessing for DataFrame
2026-09-01 20:15:11,458 - data_preprocessing - DEBUG - Target column encoded
2026-09-01 20:15:11,459 - data_preprocessing - DEBUG - Duplicates removed
2026-09-01 20:15:24,263 - data_preprocessing - DEBUG - Text column transformed
2026-09-01 20:15:24,276 - data_preprocessing - DEBUG - Processed data saved to ./data\interim
